10/08/2020, 19:51:49 - Unsupported file type found AAE for file: ../Need Processed/Masters/2016/12/20/20161220-042618/IMG_9776.AAE
10/08/2020, 19:51:55 - Unsupported file type found AAE for file: ../Need Processed/Masters/2016/12/20/20161220-042618/IMG_3714.AAE
10/08/2020, 19:52:00 - Unsupported file type found AAE for file: ../Need Processed/Masters/2016/12/20/20161220-042618/IMG_9777.AAE
10/08/2020, 19:52:16 - Unsupported file type found AAE for file: ../Need Processed/Masters/2016/12/20/20161220-042618/IMG_4064.AAE
10/08/2020, 19:52:23 - Unsupported file type found AAE for file: ../Need Processed/Masters/2016/12/20/20161220-042618/IMG_4065.AAE
10/08/2020, 19:52:25 - Unsupported file type found AAE for file: ../Need Processed/Masters/2016/12/20/20161220-042618/IMG_9826.AAE
10/08/2020, 19:52:27 - Unsupported file type found AAE for file: ../Need Processed/Masters/2016/12/20/20161220-042618/IMG_3406.AAE
10/08/2020, 19:52:29 - Unsupported file type found AAE for file: ../Need Processed/Masters/2016/12/20/20161220-042618/IMG_3408.AAE
10/08/2020, 19:57:21 - Unsupported file type found AAE for file: ../Need Processed/Masters/2016/12/20/20161220-042618/IMG_9776.AAE
10/08/2020, 19:57:27 - Unsupported file type found AAE for file: ../Need Processed/Masters/2016/12/20/20161220-042618/IMG_3714.AAE
10/08/2020, 19:57:31 - Unsupported file type found AAE for file: ../Need Processed/Masters/2016/12/20/20161220-042618/IMG_9777.AAE
10/08/2020, 19:57:47 - Unsupported file type found AAE for file: ../Need Processed/Masters/2016/12/20/20161220-042618/IMG_4064.AAE
10/08/2020, 19:57:54 - Unsupported file type found AAE for file: ../Need Processed/Masters/2016/12/20/20161220-042618/IMG_4065.AAE
10/08/2020, 19:57:57 - Unsupported file type found AAE for file: ../Need Processed/Masters/2016/12/20/20161220-042618/IMG_9826.AAE
10/08/2020, 19:57:59 - Unsupported file type found AAE for file: ../Need Processed/Masters/2016/12/20/20161220-042618/IMG_3406.AAE
10/08/2020, 19:58:01 - Unsupported file type found AAE for file: ../Need Processed/Masters/2016/12/20/20161220-042618/IMG_3408.AAE
10/08/2020, 19:58:18 - Unsupported file type found AAE for file: ../Need Processed/Masters/2016/12/20/20161220-042618/IMG_3656.AAE
10/08/2020, 19:58:19 - Unsupported file type found AAE for file: ../Need Processed/Masters/2016/12/20/20161220-042618/IMG_4028.AAE
10/08/2020, 19:58:20 - Unsupported file type found AAE for file: ../Need Processed/Masters/2016/12/20/20161220-042618/IMG_4165.AAE
10/08/2020, 19:58:29 - Unsupported file type found AAE for file: ../Need Processed/Masters/2016/12/20/20161220-042618/IMG_3717.AAE
10/08/2020, 19:58:35 - Unsupported file type found AAE for file: ../Need Processed/Masters/2016/12/20/20161220-042618/IMG_4029.AAE
10/08/2020, 19:58:43 - Unsupported file type found AAE for file: ../Need Processed/Masters/2016/12/20/20161220-042618/IMG_3922.AAE
10/08/2020, 19:58:53 - Unsupported file type found AAE for file: ../Need Processed/Masters/2016/12/20/20161220-042618/IMG_0060.AAE
10/08/2020, 19:58:59 - Unsupported file type found AAE for file: ../Need Processed/Masters/2016/12/20/20161220-042618/IMG_3657.AAE
10/08/2020, 19:59:05 - Unsupported file type found AAE for file: ../Need Processed/Masters/2016/12/20/20161220-042618/IMG_4118.AAE
10/08/2020, 19:59:12 - Unsupported file type found AAE for file: ../Need Processed/Masters/2016/12/20/20161220-042618/IMG_4150.AAE
10/08/2020, 19:59:12 - Unsupported file type found AAE for file: ../Need Processed/Masters/2016/12/20/20161220-042618/IMG_4360.AAE
10/08/2020, 19:59:17 - Unsupported file type found AAE for file: ../Need Processed/Masters/2016/12/20/20161220-042618/IMG_4034.AAE
10/08/2020, 19:59:24 - Unsupported file type found AAE for file: ../Need Processed/Masters/2016/12/20/20161220-042618/IMG_4021.AAE
10/08/2020, 19:59:26 - Unsupported file type found AAE for file: ../Need Processed/Masters/2016/12/20/20161220-042618/IMG_0237.AAE
10/08/2020, 19:59:37 - Unsupported file type found AAE for file: ../Need Processed/Masters/2016/12/20/20161220-042618/IMG_3718.AAE
10/08/2020, 19:59:37 - Unsupported file type found AAE for file: ../Need Processed/Masters/2016/12/20/20161220-042618/IMG_3703.AAE
10/08/2020, 19:59:40 - Unsupported file type found AAE for file: ../Need Processed/Masters/2016/12/20/20161220-042618/IMG_4022.AAE
10/08/2020, 20:00:00 - Unsupported file type found AAE for file: ../Need Processed/Masters/2016/12/20/20161220-042618/IMG_9972.AAE
10/08/2020, 20:00:01 - Unsupported file type found AAE for file: ../Need Processed/Masters/2016/12/20/20161220-042618/PVUC3750.AAE
10/08/2020, 20:00:08 - Unsupported file type found AAE for file: ../Need Processed/Masters/2016/12/20/20161220-042618/IMG_4359.AAE
10/08/2020, 20:00:09 - Unsupported file type found AAE for file: ../Need Processed/Masters/2016/12/20/20161220-042618/IMG_4122.AAE
10/08/2020, 20:00:09 - Unsupported file type found AAE for file: ../Need Processed/Masters/2016/12/20/20161220-042618/IMG_3716.AAE
10/08/2020, 20:00:13 - Unsupported file type found AAE for file: ../Need Processed/Masters/2016/12/20/20161220-042618/IMG_4361.AAE
10/08/2020, 20:00:26 - Unsupported file type found AAE for file: ../Need Processed/Masters/2016/12/20/20161220-042618/IMG_4119.AAE
10/08/2020, 20:00:38 - Unsupported file type found AAE for file: ../Need Processed/Masters/2016/12/20/20161220-042618/IMG_3811.AAE
10/08/2020, 20:00:41 - Unsupported file type found AAE for file: ../Need Processed/Masters/2016/12/20/20161220-042618/IMG_4120.AAE
10/08/2020, 20:00:41 - Unsupported file type found AAE for file: ../Need Processed/Masters/2016/12/20/20161220-042618/IMG_3812.AAE
10/08/2020, 20:00:42 - Unsupported file type found AAE for file: ../Need Processed/Masters/2016/12/20/20161220-042618/IMG_4121.AAE
10/08/2020, 20:01:09 - Unsupported file type found GIF for file: ../Need Processed/Masters/2016/12/20/20161220-035341/IMG_5994.GIF
10/08/2020, 20:01:33 - Unsupported file type found AAE for file: ../Need Processed/Masters/2016/12/20/20161220-035341/IMG_6121.AAE
10/08/2020, 20:01:37 - Unsupported file type found AAE for file: ../Need Processed/Masters/2016/12/20/20161220-035341/IMG_5469.AAE
10/08/2020, 20:01:47 - Unsupported file type found AAE for file: ../Need Processed/Masters/2016/12/20/20161220-035341/IMG_9739.AAE
10/08/2020, 20:02:10 - Unsupported file type found AAE for file: ../Need Processed/Masters/2016/12/20/20161220-035341/IMG_5612.AAE
10/08/2020, 20:02:46 - Unsupported file type found AAE for file: ../Need Processed/Masters/2016/12/20/20161220-035341/IMG_5467.AAE
10/08/2020, 20:03:05 - Unsupported file type found AAE for file: ../Need Processed/Masters/2016/12/20/20161220-035341/IMG_5565.AAE
10/08/2020, 20:03:20 - Unsupported file type found AAE for file: ../Need Processed/Masters/2016/12/20/20161220-035341/IMG_9738.AAE
10/08/2020, 20:03:24 - Unsupported file type found AAE for file: ../Need Processed/Masters/2016/12/20/20161220-035341/IMG_5564.AAE
10/08/2020, 20:03:33 - Unsupported file type found AAE for file: ../Need Processed/Masters/2016/12/20/20161220-035341/IMG_5470.AAE
10/08/2020, 20:03:37 - Unsupported file type found AAE for file: ../Need Processed/Masters/2016/12/20/20161220-035341/IMG_5566.AAE
10/08/2020, 20:03:53 - Unsupported file type found AAE for file: ../Need Processed/Masters/2016/12/20/20161220-035341/IMG_5634.AAE
10/08/2020, 20:04:21 - Unsupported file type found AAE for file: ../Need Processed/Masters/2016/12/20/20161220-035341/IMG_9556.AAE
10/08/2020, 20:04:26 - Unsupported file type found AAE for file: ../Need Processed/Masters/2016/12/20/20161220-035341/IMG_8309.AAE
10/08/2020, 20:04:39 - Unsupported file type found AAE for file: ../Need Processed/Masters/2016/12/20/20161220-035341/IMG_5635.AAE
10/08/2020, 20:56:34 - Unsupported file type found AAE for file: ../Need Processed/Masters/2018/04/23/20180423-002350/IMG_9753.AAE
10/08/2020, 20:56:34 - Unsupported file type found AAE for file: ../Need Processed/Masters/2018/04/23/20180423-002350/IMG_9871.AAE
10/08/2020, 21:03:01 - Unsupported file type found AAE for file: ../Need Processed/Masters/2018/04/23/20180423-031143/IMG_6694.AAE
10/08/2020, 21:03:09 - Unsupported file type found AAE for file: ../Need Processed/Masters/2018/04/23/20180423-031143/IMG_6688.AAE
10/08/2020, 21:03:10 - Unsupported file type found AAE for file: ../Need Processed/Masters/2018/04/23/20180423-031143/IMG_6665.AAE
10/08/2020, 21:03:20 - Unsupported file type found AAE for file: ../Need Processed/Masters/2018/04/23/20180423-031143/IMG_6691.AAE
10/08/2020, 21:03:29 - Unsupported file type found AAE for file: ../Need Processed/Masters/2018/04/23/20180423-031143/IMG_6682.AAE
10/08/2020, 21:03:42 - Unsupported file type found AAE for file: ../Need Processed/Masters/2018/04/23/20180423-031143/IMG_6982.AAE
10/08/2020, 21:03:52 - Unsupported file type found AAE for file: ../Need Processed/Masters/2018/04/23/20180423-031143/IMG_4529.AAE
10/08/2020, 21:04:58 - Unsupported file type found AAE for file: ../Need Processed/Masters/2018/04/23/20180423-031143/IMG_7007.AAE
10/08/2020, 21:05:09 - Unsupported file type found AAE for file: ../Need Processed/Masters/2018/04/23/20180423-031143/IMG_6676.AAE
10/08/2020, 21:05:17 - Unsupported file type found AAE for file: ../Need Processed/Masters/2018/04/23/20180423-031143/IMG_6967.AAE
10/08/2020, 21:05:22 - Unsupported file type found AAE for file: ../Need Processed/Masters/2018/04/23/20180423-031143/IMG_6685.AAE
10/08/2020, 21:05:23 - Unsupported file type found AAE for file: ../Need Processed/Masters/2018/04/23/20180423-031143/IMG_8408.AAE
10/08/2020, 21:05:25 - Unsupported file type found AAE for file: ../Need Processed/Masters/2018/04/23/20180423-031143/IMG_3886.AAE
10/08/2020, 21:05:36 - Unsupported file type found AAE for file: ../Need Processed/Masters/2018/04/23/20180423-031143/IMG_7818.AAE
10/08/2020, 21:05:42 - Unsupported file type found AAE for file: ../Need Processed/Masters/2018/04/23/20180423-031143/IMG_6701.AAE
10/08/2020, 21:05:48 - Unsupported file type found AAE for file: ../Need Processed/Masters/2018/04/23/20180423-031143/IMG_6662.AAE
10/08/2020, 21:06:11 - Unsupported file type found AAE for file: ../Need Processed/Masters/2018/04/23/20180423-031143/IMG_6959.AAE
10/08/2020, 21:06:19 - Unsupported file type found AAE for file: ../Need Processed/Masters/2018/04/23/20180423-031143/IMG_8608.AAE
10/08/2020, 21:06:21 - Unsupported file type found AAE for file: ../Need Processed/Masters/2018/04/23/20180423-031143/IMG_7315.AAE
10/08/2020, 21:06:21 - Unsupported file type found AAE for file: ../Need Processed/Masters/2018/04/23/20180423-031143/IMG_6692.AAE
10/08/2020, 21:06:23 - Unsupported file type found AAE for file: ../Need Processed/Masters/2018/04/23/20180423-031143/IMG_6689.AAE
10/08/2020, 21:06:26 - Unsupported file type found AAE for file: ../Need Processed/Masters/2018/04/23/20180423-031143/IMG_6686.AAE
10/08/2020, 21:07:07 - Unsupported file type found AAE for file: ../Need Processed/Masters/2018/04/23/20180423-031143/IMG_7237.AAE
10/08/2020, 21:07:11 - Unsupported file type found AAE for file: ../Need Processed/Masters/2018/04/23/20180423-031143/IMG_6788.AAE
10/08/2020, 21:07:56 - Unsupported file type found AAE for file: ../Need Processed/Masters/2018/04/23/20180423-031143/IMG_6975.AAE
10/08/2020, 21:08:11 - Unsupported file type found AAE for file: ../Need Processed/Masters/2018/04/23/20180423-031143/IMG_7238.AAE
10/08/2020, 21:08:20 - Unsupported file type found AAE for file: ../Need Processed/Masters/2018/04/23/20180423-031143/IMG_7004.AAE
10/08/2020, 21:08:23 - Unsupported file type found AAE for file: ../Need Processed/Masters/2018/04/23/20180423-031143/IMG_8830.AAE
10/08/2020, 21:08:26 - Unsupported file type found AAE for file: ../Need Processed/Masters/2018/04/23/20180423-031143/IMG_8443.AAE
10/08/2020, 21:08:26 - Unsupported file type found AAE for file: ../Need Processed/Masters/2018/04/23/20180423-031143/IMG_6980.AAE
10/08/2020, 21:09:00 - Unsupported file type found AAE for file: ../Need Processed/Masters/2018/04/23/20180423-031143/IMG_6984.AAE
10/08/2020, 21:09:13 - Unsupported file type found AAE for file: ../Need Processed/Masters/2018/04/23/20180423-031143/IMG_6898.AAE
10/08/2020, 21:09:43 - Unsupported file type found AAE for file: ../Need Processed/Masters/2018/04/23/20180423-031143/IMG_6647.AAE
10/08/2020, 21:09:45 - Unsupported file type found AAE for file: ../Need Processed/Masters/2018/04/23/20180423-031143/IMG_8785.AAE
10/08/2020, 21:09:47 - Unsupported file type found AAE for file: ../Need Processed/Masters/2018/04/23/20180423-031143/IMG_6979.AAE
10/08/2020, 21:09:47 - Unsupported file type found AAE for file: ../Need Processed/Masters/2018/04/23/20180423-031143/IMG_6687.AAE
10/08/2020, 21:09:50 - Unsupported file type found AAE for file: ../Need Processed/Masters/2018/04/23/20180423-031143/IMG_6657.AAE
10/08/2020, 21:10:03 - Unsupported file type found AAE for file: ../Need Processed/Masters/2018/04/23/20180423-031143/IMG_8845.AAE
10/08/2020, 21:10:03 - Unsupported file type found AAE for file: ../Need Processed/Masters/2018/04/23/20180423-031143/IMG_7375.AAE
10/08/2020, 21:10:18 - Unsupported file type found AAE for file: ../Need Processed/Masters/2018/04/23/20180423-031143/IMG_8782.AAE
10/08/2020, 21:10:20 - Unsupported file type found AAE for file: ../Need Processed/Masters/2018/04/23/20180423-031143/IMG_6648.AAE
10/08/2020, 21:10:21 - Unsupported file type found AAE for file: ../Need Processed/Masters/2018/04/23/20180423-031143/IMG_6669.AAE
10/08/2020, 21:10:34 - Unsupported file type found AAE for file: ../Need Processed/Masters/2018/04/23/20180423-031143/IMG_6668.AAE
10/08/2020, 21:10:37 - Unsupported file type found AAE for file: ../Need Processed/Masters/2018/04/23/20180423-031143/IMG_6958.AAE
10/08/2020, 21:10:41 - Unsupported file type found AAE for file: ../Need Processed/Masters/2018/04/23/20180423-031143/IMG_6690.AAE
10/08/2020, 21:10:57 - Unsupported file type found AAE for file: ../Need Processed/Masters/2018/04/23/20180423-031143/IMG_6660.AAE
10/08/2020, 21:11:00 - Unsupported file type found AAE for file: ../Need Processed/Masters/2018/04/23/20180423-031143/IMG_8783.AAE
10/08/2020, 21:11:07 - Unsupported file type found AAE for file: ../Need Processed/Masters/2018/04/23/20180423-031143/IMG_6977.AAE
10/08/2020, 21:11:17 - Unsupported file type found AAE for file: ../Need Processed/Masters/2018/04/23/20180423-031143/IMG_6974.AAE
10/08/2020, 21:11:23 - Unsupported file type found AAE for file: ../Need Processed/Masters/2018/04/23/20180423-031143/IMG_6702.AAE
10/08/2020, 21:11:25 - Unsupported file type found AAE for file: ../Need Processed/Masters/2018/04/23/20180423-031143/IMG_6661.AAE
10/08/2020, 21:11:34 - Unsupported file type found AAE for file: ../Need Processed/Masters/2018/04/23/20180423-031143/IMG_6981.AAE
10/08/2020, 21:12:06 - Unsupported file type found AAE for file: ../Need Processed/Masters/2018/04/23/20180423-031143/IMG_7355.AAE
10/08/2020, 21:12:13 - Unsupported file type found AAE for file: ../Need Processed/Masters/2018/04/23/20180423-031143/IMG_7751.AAE
